GPU              : NVIDIA GeForce RTX 5060 Ti (sm_120)
SM 数量          : 36
L2 cache         : 32.0 MB   <- 工作集必须远大于它，否则测的是 L2
显存容量         : 7.9 GB
理论显存带宽峰值 : 448.0 GB/s
理论 FP32 峰值   : 24256.5 GFLOP/s
平衡点 (ridge)   : 54.1 FLOP/B

n = 67108864, 工作集 = 512 MiB (L2 的 16 倍)

正确性自检通过（K=64）

kernel                  median/ms     min/ms     max/ms       GB/s    GFLOP/s
------------------------------------------------------------------------------
K=4     AI=1              1.39341    1.38413    1.65117     385.29     385.29
K=8     AI=2              1.39440    1.38320    1.66854     385.02     770.04
K=16    AI=4              1.39456    1.37757    1.65216     384.98    1539.90
K=32    AI=8              1.39549    1.37590    1.99318     384.72    3077.75
K=64    AI=16             1.39805    1.38829    1.76080     384.01    6144.23
K=128   AI=32             1.40205    1.39750    1.87446     382.92   12253.41
K=192   AI=48             1.61552    1.60925    1.61974     332.32   15951.40
K=256   AI=64             1.94944    1.94691    2.20813     275.40   17625.44
K=320   AI=80             2.28739    2.28518    2.74374     234.71   18776.70
K=512   AI=128            3.26621    3.26438    3.78720     164.37   21039.53
K=1024  AI=256            5.75872    5.75722    6.29302      93.23   23866.23
K=2048  AI=512           11.27798   11.27555   12.06621      47.60   24372.97

--- ILP 对照：单依赖链 ---
[1ch] K=512   AI=128      3.27350    3.27238    3.78941     164.00   20992.64
[1ch] K=2048  AI=512     12.52842   12.52598   13.31344      42.85   21940.36

-> roofline.csv 已写出
